<html>
<body>
<pre>
<h1>µVision Build Log</h1>
<h2>Project:</h2>
C:\Users\HOME\Desktop\pankaj\ARM\arm\arm.uvproj
Project File Date:  02/03/2017

<h2>Output:</h2>
Build target 'Target 1'
assembling Startup.s...
compiling arm.c...
arm.c(2): warning:  #951-D: return type of function "main" must be "int"
arm.c(7): warning:  #951-D: return type of function "main" must be "int"
arm.c(7): error:  #247: function "main" has already been defined
arm.c(13): warning:  #223-D: function "delay" declared implicitly
arm.c(17): warning:  #1-D: last line of file ends without a newline
Target not created
Build target 'Target 1'
assembling Startup.s...
compiling arm.c...
arm.c(7): warning:  #951-D: return type of function "main" must be "int"
arm.c(17): warning:  #1-D: last line of file ends without a newline
linking...
Program Size: Code=548 RO-data=16 RW-data=0 ZI-data=1256  
FromELF: creating hex file...
"arm.axf" - 0 Error(s), 2 Warning(s).
Build target 'Target 1'
assembling Startup.s...
compiling arm.c...
arm.c(1): error:  #5: cannot open source input file "lpc2148.h": No such file or directory
Target not created
Build target 'Target 1'
assembling Startup.s...
compiling arm.c...
arm.c(1): error:  #5: cannot open source input file "lpc2138.h": No such file or directory
Target not created
Build target 'Target 1'
assembling Startup.s...
compiling arm.c...
arm.c(7): warning:  #951-D: return type of function "main" must be "int"
arm.c(17): warning:  #1-D: last line of file ends without a newline
linking...
Program Size: Code=548 RO-data=16 RW-data=0 ZI-data=1256  
FromELF: creating hex file...
"arm.axf" - 0 Error(s), 2 Warning(s).
Build target 'Target 1'
compiling arm.c...
arm.c(7): warning:  #951-D: return type of function "main" must be "int"
arm.c(17): warning:  #1-D: last line of file ends without a newline
linking...
Program Size: Code=552 RO-data=16 RW-data=0 ZI-data=1256  
FromELF: creating hex file...
"arm.axf" - 0 Error(s), 2 Warning(s).
Build target 'Target 1'
assembling Startup.s...
compiling arm.c...
arm.c(7): warning:  #951-D: return type of function "main" must be "int"
arm.c(17): warning:  #1-D: last line of file ends without a newline
linking...
Program Size: Code=552 RO-data=16 RW-data=0 ZI-data=1256  
FromELF: creating hex file...
"arm.axf" - 0 Error(s), 2 Warning(s).
Build target 'Target 1'
assembling Startup.s...
compiling arm.c...
arm.c(7): warning:  #951-D: return type of function "main" must be "int"
arm.c(17): warning:  #1-D: last line of file ends without a newline
linking...
Program Size: Code=552 RO-data=16 RW-data=0 ZI-data=1256  
FromELF: creating hex file...
"arm.axf" - 0 Error(s), 2 Warning(s).
Build target 'Target 1'
assembling Startup.s...
compiling arm.c...
arm.c(7): warning:  #951-D: return type of function "main" must be "int"
arm.c(17): warning:  #1-D: last line of file ends without a newline
linking...
Program Size: Code=552 RO-data=16 RW-data=0 ZI-data=1256  
FromELF: creating hex file...
"arm.axf" - 0 Error(s), 2 Warning(s).
Build target 'Target 1'
compiling arm.c...
arm.c(7): warning:  #951-D: return type of function "main" must be "int"
arm.c(9): warning:  #69-D: integer conversion resulted in truncation
arm.c(12): warning:  #69-D: integer conversion resulted in truncation
arm.c(14): warning:  #69-D: integer conversion resulted in truncation
arm.c(17): warning:  #1-D: last line of file ends without a newline
linking...
Program Size: Code=552 RO-data=16 RW-data=0 ZI-data=1256  
FromELF: creating hex file...
"arm.axf" - 0 Error(s), 5 Warning(s).
Build target 'Target 1'
assembling Startup.s...
compiling arm.c...
arm.c(7): warning:  #951-D: return type of function "main" must be "int"
arm.c(17): warning:  #1-D: last line of file ends without a newline
linking...
Program Size: Code=552 RO-data=16 RW-data=0 ZI-data=1256  
FromELF: creating hex file...
"arm.axf" - 0 Error(s), 2 Warning(s).
Build target 'Target 1'
assembling Startup.s...
compiling arm.c...
arm.c(7): warning:  #951-D: return type of function "main" must be "int"
arm.c(17): warning:  #1-D: last line of file ends without a newline
linking...
Program Size: Code=552 RO-data=16 RW-data=0 ZI-data=1256  
FromELF: creating hex file...
"arm.axf" - 0 Error(s), 2 Warning(s).
Build target 'Target 1'
assembling Startup.s...
compiling arm.c...
arm.c(7): warning:  #951-D: return type of function "main" must be "int"
arm.c(17): warning:  #1-D: last line of file ends without a newline
linking...
Program Size: Code=552 RO-data=16 RW-data=0 ZI-data=1256  
FromELF: creating hex file...
"arm.axf" - 0 Error(s), 2 Warning(s).
Build target 'Target 1'
assembling Startup.s...
compiling arm.c...
arm.c(7): warning:  #951-D: return type of function "main" must be "int"
arm.c(17): warning:  #1-D: last line of file ends without a newline
linking...
Program Size: Code=552 RO-data=16 RW-data=0 ZI-data=1256  
FromELF: creating hex file...
"arm.axf" - 0 Error(s), 2 Warning(s).
