<html>
<body>
<pre>
<h1>µVision Build Log</h1>
<h2>Project:</h2>
C:\Users\HOME\Desktop\pankaj\ARM\I2C0\i2c.uvproj
Project File Date:  02/15/2017

<h2>Output:</h2>
Build target 'Target 1'
assembling Startup.s...
compiling i2c.c...
i2c.c(38): warning:  #951-D: return type of function "main" must be "int"
linking...
Program Size: Code=736 RO-data=16 RW-data=0 ZI-data=1256  
"i2c.axf" - 0 Error(s), 1 Warning(s).
Build target 'Target 1'
assembling Startup.s...
compiling i2c.c...
i2c.c(38): warning:  #951-D: return type of function "main" must be "int"
linking...
Program Size: Code=736 RO-data=16 RW-data=0 ZI-data=1256  
"i2c.axf" - 0 Error(s), 1 Warning(s).
Build target 'Target 1'
assembling Startup.s...
compiling i2c.c...
i2c.c(38): warning:  #951-D: return type of function "main" must be "int"
linking...
Program Size: Code=744 RO-data=16 RW-data=0 ZI-data=1256  
"i2c.axf" - 0 Error(s), 1 Warning(s).
Build target 'Target 1'
assembling Startup.s...
compiling i2c.c...
i2c.c(38): warning:  #951-D: return type of function "main" must be "int"
linking...
Program Size: Code=740 RO-data=16 RW-data=0 ZI-data=1256  
"i2c.axf" - 0 Error(s), 1 Warning(s).
Build target 'Target 1'
assembling Startup.s...
compiling i2c.c...
i2c.c(40): warning:  #951-D: return type of function "main" must be "int"
linking...
Program Size: Code=760 RO-data=16 RW-data=0 ZI-data=1256  
"i2c.axf" - 0 Error(s), 1 Warning(s).
Build target 'Target 1'
assembling Startup.s...
compiling i2c.c...
i2c.c(40): warning:  #951-D: return type of function "main" must be "int"
linking...
Program Size: Code=760 RO-data=16 RW-data=0 ZI-data=1256  
"i2c.axf" - 0 Error(s), 1 Warning(s).
Build target 'Target 1'
assembling Startup.s...
compiling i2c.c...
i2c.c(40): warning:  #951-D: return type of function "main" must be "int"
linking...
Program Size: Code=760 RO-data=16 RW-data=0 ZI-data=1256  
"i2c.axf" - 0 Error(s), 1 Warning(s).
Build target 'Target 1'
assembling Startup.s...
compiling i2c.c...
i2c.c(39): warning:  #951-D: return type of function "main" must be "int"
linking...
Program Size: Code=792 RO-data=16 RW-data=0 ZI-data=1256  
"i2c.axf" - 0 Error(s), 1 Warning(s).
Build target 'Target 1'
assembling Startup.s...
compiling i2c.c...
i2c.c(39): warning:  #951-D: return type of function "main" must be "int"
linking...
Program Size: Code=776 RO-data=16 RW-data=0 ZI-data=1256  
"i2c.axf" - 0 Error(s), 1 Warning(s).
Build target 'Target 1'
assembling Startup.s...
compiling i2c.c...
i2c.c(39): warning:  #951-D: return type of function "main" must be "int"
linking...
Program Size: Code=776 RO-data=16 RW-data=0 ZI-data=1256  
"i2c.axf" - 0 Error(s), 1 Warning(s).
Build target 'Target 1'
assembling Startup.s...
compiling i2c.c...
i2c.c(39): warning:  #951-D: return type of function "main" must be "int"
linking...
Program Size: Code=776 RO-data=16 RW-data=0 ZI-data=1256  
"i2c.axf" - 0 Error(s), 1 Warning(s).
Build target 'Target 1'
linking...
Program Size: Code=776 RO-data=16 RW-data=0 ZI-data=1256  
FromELF: creating hex file...
"i2c.axf" - 0 Error(s), 0 Warning(s).
Build target 'Target 1'
assembling Startup.s...
compiling i2c.c...
i2c.c(39): warning:  #951-D: return type of function "main" must be "int"
linking...
Program Size: Code=776 RO-data=16 RW-data=0 ZI-data=1256  
FromELF: creating hex file...
"i2c.axf" - 0 Error(s), 1 Warning(s).
Build target 'Target 1'
assembling Startup.s...
compiling i2c.c...
i2c.c(39): warning:  #951-D: return type of function "main" must be "int"
linking...
Program Size: Code=792 RO-data=16 RW-data=0 ZI-data=1256  
FromELF: creating hex file...
"i2c.axf" - 0 Error(s), 1 Warning(s).
Build target 'Target 1'
assembling Startup.s...
compiling i2c.c...
i2c.c(39): warning:  #951-D: return type of function "main" must be "int"
linking...
Program Size: Code=792 RO-data=16 RW-data=0 ZI-data=1256  
FromELF: creating hex file...
"i2c.axf" - 0 Error(s), 1 Warning(s).
Build target 'Target 1'
assembling Startup.s...
compiling i2c.c...
i2c.c(39): warning:  #951-D: return type of function "main" must be "int"
linking...
Program Size: Code=796 RO-data=16 RW-data=0 ZI-data=1256  
FromELF: creating hex file...
"i2c.axf" - 0 Error(s), 1 Warning(s).
Build target 'Target 1'
assembling Startup.s...
compiling i2c.c...
i2c.c(39): warning:  #951-D: return type of function "main" must be "int"
linking...
Program Size: Code=792 RO-data=16 RW-data=0 ZI-data=1256  
FromELF: creating hex file...
"i2c.axf" - 0 Error(s), 1 Warning(s).
Build target 'Target 1'
assembling Startup.s...
compiling i2c.c...
i2c.c(34): error:  #20: identifier "I2C0CONSCLR" is undefined
i2c.c(39): warning:  #951-D: return type of function "main" must be "int"
Target not created
Build target 'Target 1'
assembling Startup.s...
compiling i2c.c...
i2c.c(39): warning:  #951-D: return type of function "main" must be "int"
linking...
Program Size: Code=792 RO-data=16 RW-data=0 ZI-data=1256  
FromELF: creating hex file...
"i2c.axf" - 0 Error(s), 1 Warning(s).
Build target 'Target 1'
assembling Startup.s...
compiling i2c.c...
i2c.c(39): warning:  #951-D: return type of function "main" must be "int"
linking...
Program Size: Code=772 RO-data=16 RW-data=0 ZI-data=1256  
FromELF: creating hex file...
"i2c.axf" - 0 Error(s), 1 Warning(s).
Build target 'Target 1'
assembling Startup.s...
compiling i2c.c...
i2c.c(39): warning:  #951-D: return type of function "main" must be "int"
linking...
Program Size: Code=792 RO-data=16 RW-data=0 ZI-data=1256  
FromELF: creating hex file...
"i2c.axf" - 0 Error(s), 1 Warning(s).
