<html>
<body>
<pre>
<h1>µVision Build Log</h1>
<h2>Project:</h2>
C:\Users\HOME\Desktop\pankaj\ARM\UART0\uart0.uvproj
Project File Date:  02/06/2017

<h2>Output:</h2>
Build target 'Target 1'
assembling Startup.s...
compiling uart0.c...
uart0.c(14): warning:  #951-D: return type of function "main" must be "int"
uart0.c(24): warning:  #1-D: last line of file ends without a newline
linking...
Program Size: Code=588 RO-data=16 RW-data=0 ZI-data=1256  
FromELF: creating hex file...
"uart0.axf" - 0 Error(s), 2 Warning(s).
Build target 'Target 1'
assembling Startup.s...
compiling uart0.c...
uart0.c(22): warning:  #951-D: return type of function "main" must be "int"
uart0.c(35): warning:  #1-D: last line of file ends without a newline
linking...
Program Size: Code=664 RO-data=16 RW-data=0 ZI-data=1256  
FromELF: creating hex file...
"uart0.axf" - 0 Error(s), 2 Warning(s).
Build target 'Target 1'
assembling Startup.s...
compiling uart0.c...
uart0.c(22): warning:  #951-D: return type of function "main" must be "int"
uart0.c(35): warning:  #1-D: last line of file ends without a newline
linking...
Program Size: Code=664 RO-data=16 RW-data=0 ZI-data=1256  
FromELF: creating hex file...
"uart0.axf" - 0 Error(s), 2 Warning(s).
Build target 'Target 1'
assembling Startup.s...
compiling uart0.c...
uart0.c(22): warning:  #951-D: return type of function "main" must be "int"
uart0.c(28): error:  #20: identifier "data" is undefined
uart0.c(31): warning:  #1-D: last line of file ends without a newline
Target not created
Build target 'Target 1'
assembling Startup.s...
compiling uart0.c...
uart0.c(22): warning:  #951-D: return type of function "main" must be "int"
uart0.c(28): error:  #142: expression must have pointer-to-object type
uart0.c(31): warning:  #1-D: last line of file ends without a newline
Target not created
Build target 'Target 1'
assembling Startup.s...
compiling uart0.c...
uart0.c(22): warning:  #951-D: return type of function "main" must be "int"
uart0.c(28): error:  #167: argument of type "char *" is incompatible with parameter of type "char"
uart0.c(31): warning:  #1-D: last line of file ends without a newline
uart0.c(24): warning:  #177-D: variable "i" was declared but never referenced
Target not created
Build target 'Target 1'
assembling Startup.s...
compiling uart0.c...
uart0.c(22): warning:  #951-D: return type of function "main" must be "int"
uart0.c(27): error:  #167: argument of type "char *" is incompatible with parameter of type "char"
uart0.c(30): warning:  #1-D: last line of file ends without a newline
Target not created
Build target 'Target 1'
assembling Startup.s...
compiling uart0.c...
uart0.c(22): warning:  #951-D: return type of function "main" must be "int"
uart0.c(30): warning:  #1-D: last line of file ends without a newline
linking...
Program Size: Code=624 RO-data=16 RW-data=0 ZI-data=1256  
FromELF: creating hex file...
"uart0.axf" - 0 Error(s), 2 Warning(s).
Build target 'Target 1'
assembling Startup.s...
compiling uart0.c...
uart0.c(16): warning:  #951-D: return type of function "main" must be "int"
uart0.c(21): error:  #513: a value of type "char *" cannot be assigned to an entity of type "unsigned char"
uart0.c(24): warning:  #1-D: last line of file ends without a newline
Target not created
Build target 'Target 1'
assembling Startup.s...
compiling uart0.c...
uart0.c(16): warning:  #951-D: return type of function "main" must be "int"
uart0.c(21): error:  #513: a value of type "char *" cannot be assigned to an entity of type "unsigned char"
uart0.c(24): warning:  #1-D: last line of file ends without a newline
Target not created
Build target 'Target 1'
assembling Startup.s...
compiling uart0.c...
uart0.c(16): warning:  #951-D: return type of function "main" must be "int"
uart0.c(24): warning:  #1-D: last line of file ends without a newline
linking...
Program Size: Code=612 RO-data=16 RW-data=0 ZI-data=1256  
FromELF: creating hex file...
"uart0.axf" - 0 Error(s), 2 Warning(s).
Build target 'Target 1'
assembling Startup.s...
compiling uart0.c...
uart0.c(16): warning:  #951-D: return type of function "main" must be "int"
uart0.c(23): error:  #20: identifier "UOLSR" is undefined
uart0.c(25): warning:  #1-D: last line of file ends without a newline
Target not created
Build target 'Target 1'
assembling Startup.s...
compiling uart0.c...
uart0.c(16): warning:  #951-D: return type of function "main" must be "int"
uart0.c(25): warning:  #1-D: last line of file ends without a newline
linking...
Program Size: Code=624 RO-data=16 RW-data=0 ZI-data=1256  
FromELF: creating hex file...
"uart0.axf" - 0 Error(s), 2 Warning(s).
Build target 'Target 1'
assembling Startup.s...
compiling uart0.c...
uart0.c(16): warning:  #951-D: return type of function "main" must be "int"
uart0.c(25): warning:  #1-D: last line of file ends without a newline
linking...
Program Size: Code=624 RO-data=16 RW-data=0 ZI-data=1256  
FromELF: creating hex file...
"uart0.axf" - 0 Error(s), 2 Warning(s).
Build target 'Target 1'
assembling Startup.s...
compiling uart0.c...
uart0.c(16): warning:  #951-D: return type of function "main" must be "int"
uart0.c(25): warning:  #1-D: last line of file ends without a newline
linking...
Program Size: Code=616 RO-data=16 RW-data=0 ZI-data=1256  
FromELF: creating hex file...
"uart0.axf" - 0 Error(s), 2 Warning(s).
Build target 'Target 1'
assembling Startup.s...
compiling uart0.c...
uart0.c(16): warning:  #951-D: return type of function "main" must be "int"
uart0.c(25): warning:  #1-D: last line of file ends without a newline
linking...
Program Size: Code=612 RO-data=16 RW-data=0 ZI-data=1256  
FromELF: creating hex file...
"uart0.axf" - 0 Error(s), 2 Warning(s).
Build target 'Target 1'
assembling Startup.s...
compiling uart0.c...
uart0.c(16): warning:  #951-D: return type of function "main" must be "int"
uart0.c(25): warning:  #1-D: last line of file ends without a newline
linking...
Program Size: Code=612 RO-data=16 RW-data=0 ZI-data=1256  
FromELF: creating hex file...
"uart0.axf" - 0 Error(s), 2 Warning(s).
Build target 'Target 1'
assembling Startup.s...
compiling uart0.c...
uart0.c(16): warning:  #951-D: return type of function "main" must be "int"
uart0.c(25): warning:  #1-D: last line of file ends without a newline
linking...
Program Size: Code=624 RO-data=16 RW-data=0 ZI-data=1256  
FromELF: creating hex file...
"uart0.axf" - 0 Error(s), 2 Warning(s).
Build target 'Target 1'
assembling Startup.s...
compiling uart0.c...
uart0.c(16): warning:  #951-D: return type of function "main" must be "int"
uart0.c(26): warning:  #1-D: last line of file ends without a newline
linking...
Program Size: Code=624 RO-data=16 RW-data=0 ZI-data=1256  
FromELF: creating hex file...
"uart0.axf" - 0 Error(s), 2 Warning(s).
Build target 'Target 1'
assembling Startup.s...
compiling uart0.c...
uart0.c(16): warning:  #951-D: return type of function "main" must be "int"
uart0.c(26): warning:  #1-D: last line of file ends without a newline
linking...
Program Size: Code=624 RO-data=16 RW-data=0 ZI-data=1256  
FromELF: creating hex file...
"uart0.axf" - 0 Error(s), 2 Warning(s).
Build target 'Target 1'
assembling Startup.s...
compiling uart0.c...
uart0.c(17): warning:  #951-D: return type of function "main" must be "int"
uart0.c(26): warning:  #1-D: last line of file ends without a newline
linking...
Program Size: Code=624 RO-data=16 RW-data=0 ZI-data=1256  
FromELF: creating hex file...
"uart0.axf" - 0 Error(s), 2 Warning(s).
Build target 'Target 1'
assembling Startup.s...
compiling uart0.c...
uart0.c(16): warning:  #951-D: return type of function "main" must be "int"
uart0.c(25): warning:  #1-D: last line of file ends without a newline
linking...
Program Size: Code=624 RO-data=16 RW-data=0 ZI-data=1256  
FromELF: creating hex file...
"uart0.axf" - 0 Error(s), 2 Warning(s).
Build target 'Target 1'
assembling Startup.s...
compiling uart0.c...
uart0.c(16): warning:  #951-D: return type of function "main" must be "int"
uart0.c(25): warning:  #1-D: last line of file ends without a newline
linking...
Program Size: Code=624 RO-data=16 RW-data=0 ZI-data=1256  
FromELF: creating hex file...
"uart0.axf" - 0 Error(s), 2 Warning(s).
Build target 'Target 1'
assembling Startup.s...
compiling uart0.c...
uart0.c(16): warning:  #951-D: return type of function "main" must be "int"
uart0.c(25): warning:  #1-D: last line of file ends without a newline
linking...
Program Size: Code=616 RO-data=16 RW-data=0 ZI-data=1256  
FromELF: creating hex file...
"uart0.axf" - 0 Error(s), 2 Warning(s).
Build target 'Target 1'
assembling Startup.s...
compiling uart0.c...
uart0.c(16): warning:  #951-D: return type of function "main" must be "int"
uart0.c(25): warning:  #1-D: last line of file ends without a newline
linking...
Program Size: Code=616 RO-data=16 RW-data=0 ZI-data=1256  
FromELF: creating hex file...
"uart0.axf" - 0 Error(s), 2 Warning(s).
Build target 'Target 1'
compiling uart0.c...
uart0.c(16): warning:  #951-D: return type of function "main" must be "int"
uart0.c(25): warning:  #1-D: last line of file ends without a newline
linking...
Program Size: Code=624 RO-data=16 RW-data=0 ZI-data=1256  
FromELF: creating hex file...
"uart0.axf" - 0 Error(s), 2 Warning(s).
Build target 'Target 1'
assembling Startup.s...
compiling uart0.c...
uart0.c(16): warning:  #951-D: return type of function "main" must be "int"
uart0.c(25): warning:  #1-D: last line of file ends without a newline
linking...
Program Size: Code=624 RO-data=16 RW-data=0 ZI-data=1256  
FromELF: creating hex file...
"uart0.axf" - 0 Error(s), 2 Warning(s).
Build target 'Target 1'
assembling Startup.s...
compiling uart0.c...
uart0.c(15): error:  #20: identifier "U0TEN" is undefined
uart0.c(17): warning:  #951-D: return type of function "main" must be "int"
uart0.c(26): warning:  #1-D: last line of file ends without a newline
Target not created
Build target 'Target 1'
assembling Startup.s...
compiling uart0.c...
uart0.c(15): error:  #20: identifier "U0TER" is undefined
uart0.c(17): warning:  #951-D: return type of function "main" must be "int"
uart0.c(26): warning:  #1-D: last line of file ends without a newline
Target not created
Build target 'Target 1'
assembling Startup.s...
compiling uart0.c...
uart0.c(15): error:  #20: identifier "U0TER" is undefined
uart0.c(17): warning:  #951-D: return type of function "main" must be "int"
uart0.c(26): warning:  #1-D: last line of file ends without a newline
Target not created
Build target 'Target 1'
assembling Startup.s...
compiling uart0.c...
uart0.c(15): error:  #20: identifier "TXEN" is undefined
uart0.c(17): warning:  #951-D: return type of function "main" must be "int"
uart0.c(26): warning:  #1-D: last line of file ends without a newline
Target not created
Build target 'Target 1'
assembling Startup.s...
compiling uart0.c...
uart0.c(15): error:  #20: identifier "TXEN" is undefined
uart0.c(17): warning:  #951-D: return type of function "main" must be "int"
uart0.c(26): warning:  #1-D: last line of file ends without a newline
Target not created
Build target 'Target 1'
assembling Startup.s...
compiling uart0.c...
uart0.c(16): warning:  #951-D: return type of function "main" must be "int"
uart0.c(25): warning:  #1-D: last line of file ends without a newline
linking...
Program Size: Code=624 RO-data=16 RW-data=0 ZI-data=1256  
FromELF: creating hex file...
"uart0.axf" - 0 Error(s), 2 Warning(s).
Build target 'Target 1'
assembling Startup.s...
compiling uart0.c...
uart0.c(17): warning:  #951-D: return type of function "main" must be "int"
uart0.c(26): warning:  #1-D: last line of file ends without a newline
linking...
Program Size: Code=604 RO-data=16 RW-data=0 ZI-data=1256  
FromELF: creating hex file...
"uart0.axf" - 0 Error(s), 2 Warning(s).
Build target 'Target 1'
assembling Startup.s...
compiling uart0.c...
uart0.c(17): warning:  #951-D: return type of function "main" must be "int"
uart0.c(26): warning:  #1-D: last line of file ends without a newline
linking...
Program Size: Code=620 RO-data=16 RW-data=0 ZI-data=1256  
FromELF: creating hex file...
"uart0.axf" - 0 Error(s), 2 Warning(s).
Build target 'Target 1'
assembling Startup.s...
compiling uart0.c...
uart0.c(17): warning:  #951-D: return type of function "main" must be "int"
uart0.c(26): warning:  #1-D: last line of file ends without a newline
linking...
Program Size: Code=620 RO-data=16 RW-data=0 ZI-data=1256  
FromELF: creating hex file...
"uart0.axf" - 0 Error(s), 2 Warning(s).
Build target 'Target 1'
assembling Startup.s...
compiling uart0.c...
uart0.c(17): warning:  #951-D: return type of function "main" must be "int"
uart0.c(26): warning:  #1-D: last line of file ends without a newline
linking...
Program Size: Code=620 RO-data=16 RW-data=0 ZI-data=1256  
FromELF: creating hex file...
"uart0.axf" - 0 Error(s), 2 Warning(s).
Build target 'Target 1'
assembling Startup.s...
compiling uart0.c...
uart0.c(17): warning:  #951-D: return type of function "main" must be "int"
uart0.c(26): warning:  #1-D: last line of file ends without a newline
linking...
Program Size: Code=628 RO-data=16 RW-data=0 ZI-data=1256  
FromELF: creating hex file...
"uart0.axf" - 0 Error(s), 2 Warning(s).
Build target 'Target 1'
assembling Startup.s...
compiling uart0.c...
uart0.c(17): warning:  #951-D: return type of function "main" must be "int"
uart0.c(26): warning:  #1-D: last line of file ends without a newline
linking...
Program Size: Code=624 RO-data=16 RW-data=0 ZI-data=1256  
FromELF: creating hex file...
"uart0.axf" - 0 Error(s), 2 Warning(s).
Build target 'Target 1'
assembling Startup.s...
compiling uart0.c...
uart0.c(17): warning:  #951-D: return type of function "main" must be "int"
uart0.c(26): warning:  #1-D: last line of file ends without a newline
linking...
Program Size: Code=624 RO-data=16 RW-data=0 ZI-data=1256  
FromELF: creating hex file...
"uart0.axf" - 0 Error(s), 2 Warning(s).
Build target 'Target 1'
assembling Startup.s...
compiling uart0.c...
uart0.c(17): warning:  #951-D: return type of function "main" must be "int"
uart0.c(26): warning:  #1-D: last line of file ends without a newline
linking...
Program Size: Code=624 RO-data=16 RW-data=0 ZI-data=1256  
FromELF: creating hex file...
"uart0.axf" - 0 Error(s), 2 Warning(s).
Build target 'Target 1'
assembling Startup.s...
compiling uart0.c...
uart0.c(14): warning:  #951-D: return type of function "main" must be "int"
uart0.c(23): warning:  #1-D: last line of file ends without a newline
linking...
Program Size: Code=596 RO-data=16 RW-data=0 ZI-data=1256  
FromELF: creating hex file...
"uart0.axf" - 0 Error(s), 2 Warning(s).
Build target 'Target 1'
assembling Startup.s...
compiling uart0.c...
uart0.c(14): warning:  #951-D: return type of function "main" must be "int"
uart0.c(23): warning:  #1-D: last line of file ends without a newline
linking...
Program Size: Code=596 RO-data=16 RW-data=0 ZI-data=1256  
FromELF: creating hex file...
"uart0.axf" - 0 Error(s), 2 Warning(s).
Build target 'Target 1'
assembling Startup.s...
compiling uart0.c...
uart0.c(16): warning:  #951-D: return type of function "main" must be "int"
uart0.c(25): warning:  #1-D: last line of file ends without a newline
linking...
Program Size: Code=624 RO-data=16 RW-data=0 ZI-data=1256  
FromELF: creating hex file...
"uart0.axf" - 0 Error(s), 2 Warning(s).
Build target 'Target 1'
assembling Startup.s...
compiling uart0.c...
uart0.c(14): warning:  #951-D: return type of function "main" must be "int"
uart0.c(23): warning:  #1-D: last line of file ends without a newline
linking...
Program Size: Code=596 RO-data=16 RW-data=0 ZI-data=1256  
FromELF: creating hex file...
"uart0.axf" - 0 Error(s), 2 Warning(s).
Build target 'Target 1'
assembling Startup.s...
compiling uart0.c...
uart0.c(9): error:  #20: identifier "UOTER" is undefined
uart0.c(15): warning:  #951-D: return type of function "main" must be "int"
uart0.c(24): warning:  #1-D: last line of file ends without a newline
Target not created
Build target 'Target 1'
assembling Startup.s...
compiling uart0.c...
uart0.c(9): error:  #20: identifier "U0TER" is undefined
uart0.c(15): warning:  #951-D: return type of function "main" must be "int"
uart0.c(24): warning:  #1-D: last line of file ends without a newline
Target not created
Build target 'Target 1'
assembling Startup.s...
compiling uart0.c...
uart0.c(15): warning:  #951-D: return type of function "main" must be "int"
uart0.c(24): warning:  #1-D: last line of file ends without a newline
linking...
Program Size: Code=596 RO-data=16 RW-data=0 ZI-data=1256  
FromELF: creating hex file...
"uart0.axf" - 0 Error(s), 2 Warning(s).
Build target 'Target 1'
assembling Startup.s...
compiling uart0.c...
uart0.c(15): warning:  #951-D: return type of function "main" must be "int"
uart0.c(24): warning:  #1-D: last line of file ends without a newline
linking...
Program Size: Code=604 RO-data=16 RW-data=0 ZI-data=1256  
FromELF: creating hex file...
"uart0.axf" - 0 Error(s), 2 Warning(s).
Build target 'Target 1'
assembling Startup.s...
compiling uart0.c...
uart0.c(15): warning:  #951-D: return type of function "main" must be "int"
uart0.c(24): warning:  #1-D: last line of file ends without a newline
linking...
Program Size: Code=604 RO-data=16 RW-data=0 ZI-data=1256  
FromELF: creating hex file...
"uart0.axf" - 0 Error(s), 2 Warning(s).
Build target 'Target 1'
assembling Startup.s...
compiling uart0.c...
uart0.c(16): warning:  #951-D: return type of function "main" must be "int"
uart0.c(25): warning:  #1-D: last line of file ends without a newline
linking...
Program Size: Code=612 RO-data=16 RW-data=0 ZI-data=1256  
FromELF: creating hex file...
"uart0.axf" - 0 Error(s), 2 Warning(s).
Build target 'Target 1'
assembling Startup.s...
compiling uart0.c...
uart0.c(17): warning:  #951-D: return type of function "main" must be "int"
uart0.c(26): warning:  #1-D: last line of file ends without a newline
linking...
Program Size: Code=628 RO-data=16 RW-data=0 ZI-data=1256  
FromELF: creating hex file...
"uart0.axf" - 0 Error(s), 2 Warning(s).
Build target 'Target 1'
assembling Startup.s...
compiling uart0.c...
uart0.c(9): error:  #20: identifier "PIN0" is undefined
uart0.c(17): warning:  #951-D: return type of function "main" must be "int"
uart0.c(26): warning:  #1-D: last line of file ends without a newline
Target not created
Build target 'Target 1'
assembling Startup.s...
compiling uart0.c...
uart0.c(16): warning:  #951-D: return type of function "main" must be "int"
uart0.c(25): warning:  #1-D: last line of file ends without a newline
linking...
Program Size: Code=612 RO-data=16 RW-data=0 ZI-data=1256  
FromELF: creating hex file...
"uart0.axf" - 0 Error(s), 2 Warning(s).
Build target 'Target 1'
assembling Startup.s...
compiling uart0.c...
uart0.c(17): warning:  #951-D: return type of function "main" must be "int"
uart0.c(26): warning:  #1-D: last line of file ends without a newline
linking...
Program Size: Code=628 RO-data=16 RW-data=0 ZI-data=1256  
FromELF: creating hex file...
"uart0.axf" - 0 Error(s), 2 Warning(s).
Build target 'Target 1'
assembling Startup.s...
compiling uart0.c...
uart0.c(9): error:  #20: identifier "PINSEL" is undefined
uart0.c(17): warning:  #951-D: return type of function "main" must be "int"
uart0.c(26): warning:  #1-D: last line of file ends without a newline
Target not created
Build target 'Target 1'
assembling Startup.s...
compiling uart0.c...
uart0.c(16): warning:  #951-D: return type of function "main" must be "int"
uart0.c(25): warning:  #1-D: last line of file ends without a newline
linking...
Program Size: Code=628 RO-data=16 RW-data=0 ZI-data=1256  
FromELF: creating hex file...
"uart0.axf" - 0 Error(s), 2 Warning(s).
Build target 'Target 1'
assembling Startup.s...
compiling uart0.c...
uart0.c(16): warning:  #951-D: return type of function "main" must be "int"
uart0.c(25): warning:  #1-D: last line of file ends without a newline
linking...
Program Size: Code=628 RO-data=16 RW-data=0 ZI-data=1256  
FromELF: creating hex file...
"uart0.axf" - 0 Error(s), 2 Warning(s).
Build target 'Target 1'
assembling Startup.s...
compiling uart0.c...
uart0.c(17): warning:  #951-D: return type of function "main" must be "int"
uart0.c(26): warning:  #1-D: last line of file ends without a newline
linking...
Program Size: Code=628 RO-data=16 RW-data=0 ZI-data=1256  
FromELF: creating hex file...
"uart0.axf" - 0 Error(s), 2 Warning(s).
Build target 'Target 1'
assembling Startup.s...
compiling uart0.c...
uart0.c(18): warning:  #951-D: return type of function "main" must be "int"
uart0.c(27): warning:  #1-D: last line of file ends without a newline
linking...
Program Size: Code=636 RO-data=16 RW-data=0 ZI-data=1256  
FromELF: creating hex file...
"uart0.axf" - 0 Error(s), 2 Warning(s).
Build target 'Target 1'
assembling Startup.s...
compiling uart0.c...
uart0.c(18): warning:  #951-D: return type of function "main" must be "int"
uart0.c(27): warning:  #1-D: last line of file ends without a newline
linking...
Program Size: Code=636 RO-data=16 RW-data=0 ZI-data=1256  
FromELF: creating hex file...
"uart0.axf" - 0 Error(s), 2 Warning(s).
Build target 'Target 1'
assembling Startup.s...
compiling uart0.c...
uart0.c(18): warning:  #951-D: return type of function "main" must be "int"
uart0.c(27): warning:  #1-D: last line of file ends without a newline
linking...
Program Size: Code=636 RO-data=16 RW-data=0 ZI-data=1256  
FromELF: creating hex file...
"uart0.axf" - 0 Error(s), 2 Warning(s).
Build target 'Target 1'
assembling Startup.s...
compiling uart0.c...
uart0.c(18): warning:  #951-D: return type of function "main" must be "int"
uart0.c(27): warning:  #1-D: last line of file ends without a newline
linking...
Program Size: Code=636 RO-data=16 RW-data=0 ZI-data=1256  
FromELF: creating hex file...
"uart0.axf" - 0 Error(s), 2 Warning(s).
