<html>
<body>
<pre>
<h1>µVision Build Log</h1>
<h2>Project:</h2>
C:\Users\HOME\Desktop\pankaj\ARM\UART1\uart_tx.uvproj
Project File Date:  02/11/2017

<h2>Output:</h2>
Build target 'Target 1'
assembling Startup.s...
compiling uart_tx.c...
uart_tx.c(18): warning:  #951-D: return type of function "main" must be "int"
uart_tx.c(27): warning:  #1-D: last line of file ends without a newline
linking...
Program Size: Code=636 RO-data=16 RW-data=0 ZI-data=1256  
FromELF: creating hex file...
"uart_tx.axf" - 0 Error(s), 2 Warning(s).
Build target 'Target 1'
assembling Startup.s...
compiling uart_tx.c...
uart_tx.c(18): warning:  #951-D: return type of function "main" must be "int"
uart_tx.c(27): warning:  #1-D: last line of file ends without a newline
linking...
Program Size: Code=640 RO-data=16 RW-data=0 ZI-data=1256  
FromELF: creating hex file...
"uart_tx.axf" - 0 Error(s), 2 Warning(s).
Build target 'Target 1'
assembling Startup.s...
compiling uart_tx.c...
uart_tx.c(18): warning:  #951-D: return type of function "main" must be "int"
uart_tx.c(27): warning:  #1-D: last line of file ends without a newline
linking...
Program Size: Code=640 RO-data=16 RW-data=0 ZI-data=1256  
FromELF: creating hex file...
"uart_tx.axf" - 0 Error(s), 2 Warning(s).
Build target 'Target 1'
assembling Startup.s...
compiling uart_tx.c...
uart_tx.c(18): warning:  #951-D: return type of function "main" must be "int"
uart_tx.c(27): warning:  #1-D: last line of file ends without a newline
linking...
Program Size: Code=628 RO-data=16 RW-data=0 ZI-data=1256  
FromELF: creating hex file...
"uart_tx.axf" - 0 Error(s), 2 Warning(s).
Build target 'Target 1'
assembling Startup.s...
compiling uart_tx.c...
uart_tx.c(18): warning:  #951-D: return type of function "main" must be "int"
uart_tx.c(27): warning:  #1-D: last line of file ends without a newline
linking...
Program Size: Code=632 RO-data=16 RW-data=0 ZI-data=1256  
FromELF: creating hex file...
"uart_tx.axf" - 0 Error(s), 2 Warning(s).
Build target 'Target 1'
assembling Startup.s...
compiling uart_tx.c...
uart_tx.c(18): warning:  #951-D: return type of function "main" must be "int"
uart_tx.c(27): warning:  #1-D: last line of file ends without a newline
linking...
Program Size: Code=624 RO-data=16 RW-data=0 ZI-data=1256  
FromELF: creating hex file...
"uart_tx.axf" - 0 Error(s), 2 Warning(s).
Build target 'Target 1'
assembling Startup.s...
compiling uart_tx.c...
uart_tx.c(18): warning:  #951-D: return type of function "main" must be "int"
uart_tx.c(27): warning:  #1-D: last line of file ends without a newline
linking...
Program Size: Code=616 RO-data=16 RW-data=0 ZI-data=1256  
FromELF: creating hex file...
"uart_tx.axf" - 0 Error(s), 2 Warning(s).
Build target 'Target 1'
assembling Startup.s...
compiling uart_tx.c...
uart_tx.c(17): warning:  #951-D: return type of function "main" must be "int"
uart_tx.c(26): warning:  #1-D: last line of file ends without a newline
linking...
Program Size: Code=632 RO-data=16 RW-data=0 ZI-data=1256  
FromELF: creating hex file...
"uart_tx.axf" - 0 Error(s), 2 Warning(s).
Build target 'Target 1'
assembling Startup.s...
compiling uart_tx.c...
uart_tx.c(18): warning:  #951-D: return type of function "main" must be "int"
uart_tx.c(27): warning:  #1-D: last line of file ends without a newline
linking...
Program Size: Code=628 RO-data=16 RW-data=0 ZI-data=1256  
FromELF: creating hex file...
"uart_tx.axf" - 0 Error(s), 2 Warning(s).
Build target 'Target 1'
assembling Startup.s...
compiling uart_tx.c...
uart_tx.c(18): warning:  #951-D: return type of function "main" must be "int"
uart_tx.c(27): warning:  #1-D: last line of file ends without a newline
linking...
Program Size: Code=640 RO-data=16 RW-data=0 ZI-data=1256  
FromELF: creating hex file...
"uart_tx.axf" - 0 Error(s), 2 Warning(s).
Build target 'Target 1'
assembling Startup.s...
compiling uart_tx.c...
uart_tx.c(18): warning:  #951-D: return type of function "main" must be "int"
uart_tx.c(27): warning:  #1-D: last line of file ends without a newline
linking...
Program Size: Code=640 RO-data=16 RW-data=0 ZI-data=1256  
FromELF: creating hex file...
"uart_tx.axf" - 0 Error(s), 2 Warning(s).
Build target 'Target 1'
assembling Startup.s...
compiling uart_tx.c...
uart_tx.c(18): warning:  #951-D: return type of function "main" must be "int"
uart_tx.c(27): warning:  #1-D: last line of file ends without a newline
linking...
Program Size: Code=628 RO-data=16 RW-data=0 ZI-data=1256  
FromELF: creating hex file...
"uart_tx.axf" - 0 Error(s), 2 Warning(s).
