<html>
<body>
<pre>
<h1>µVision Build Log</h1>
<h2>Project:</h2>
C:\Users\HOME\Desktop\pankaj\ARM\I2C0\i2c_rtc\i2c.uvproj
Project File Date:  02/15/2017

<h2>Output:</h2>
Build target 'Target 1'
assembling Startup.s...
compiling i2c.c...
i2c.c(39): warning:  #951-D: return type of function "main" must be "int"
i2c.c(41): warning:  #177-D: variable "h" was declared but never referenced
i2c.c(41): warning:  #177-D: variable "m" was declared but never referenced
linking...
Program Size: Code=856 RO-data=16 RW-data=0 ZI-data=1256  
FromELF: creating hex file...
"i2c.axf" - 0 Error(s), 3 Warning(s).
Build target 'Target 1'
assembling Startup.s...
compiling i2c.c...
i2c.c(39): warning:  #951-D: return type of function "main" must be "int"
linking...
Program Size: Code=856 RO-data=16 RW-data=0 ZI-data=1256  
FromELF: creating hex file...
"i2c.axf" - 0 Error(s), 1 Warning(s).
Build target 'Target 1'
assembling Startup.s...
compiling i2c.c...
i2c.c(39): warning:  #951-D: return type of function "main" must be "int"
i2c.c(41): warning:  #550-D: variable "s" was set but never used
linking...
Program Size: Code=828 RO-data=16 RW-data=0 ZI-data=1256  
FromELF: creating hex file...
"i2c.axf" - 0 Error(s), 2 Warning(s).
Build target 'Target 1'
assembling Startup.s...
compiling i2c.c...
i2c.c(39): warning:  #951-D: return type of function "main" must be "int"
i2c.c(41): warning:  #550-D: variable "s" was set but never used
linking...
Program Size: Code=844 RO-data=16 RW-data=0 ZI-data=1256  
FromELF: creating hex file...
"i2c.axf" - 0 Error(s), 2 Warning(s).
Build target 'Target 1'
assembling Startup.s...
compiling i2c.c...
i2c.c(39): warning:  #951-D: return type of function "main" must be "int"
i2c.c(41): warning:  #550-D: variable "s" was set but never used
linking...
Program Size: Code=844 RO-data=16 RW-data=0 ZI-data=1256  
FromELF: creating hex file...
"i2c.axf" - 0 Error(s), 2 Warning(s).
Build target 'Target 1'
assembling Startup.s...
compiling i2c.c...
i2c.c(39): warning:  #951-D: return type of function "main" must be "int"
i2c.c(41): warning:  #550-D: variable "s" was set but never used
linking...
Program Size: Code=844 RO-data=16 RW-data=0 ZI-data=1256  
FromELF: creating hex file...
"i2c.axf" - 0 Error(s), 2 Warning(s).
