C51 COMPILER V9.03   SERIAL                                                                12/05/2016 10:12:43 PAGE 1   


C51 COMPILER V9.03, COMPILATION OF MODULE SERIAL
OBJECT MODULE PLACED IN serial.OBJ
COMPILER INVOKED BY: C:\Keil_v5\C51\BIN\C51.EXE serial.c BROWSE DEBUG OBJECTEXTEND

line level    source

   1          #include<reg51.h>
   2          sbit ss1=P1^0;
   3          sbit ss2=P1^1;
   4          unsigned char recieve();
   5          void delay()
   6          {
   7   1      int i=5000;
   8   1      while(i--);
   9   1      }
  10          void main()
  11          {
  12   1      unsigned char a[10]={0x3f,0x06,0x5b,0x4f,0x66,0x6d,0x7d,0x07,0x7f,0x6f};
  13   1      int i=recieve();
  14   1      while(1)
  15   1      {
  16   2      if(RI==1)
  17   2      {
  18   3      i=SBUF;
  19   3      RI=0;
  20   3      i=i%100;
  21   3      }
  22   2      P2=a[i/10];
  23   2      ss1=0;
  24   2      ss2=1;
  25   2      P2=0x00;
  26   2      P2=a[i%10];
  27   2      ss1=1;
  28   2      ss2=0;
  29   2      P2=0x00;
  30   2      }
  31   1      }
  32          unsigned char recieve()
  33          {
  34   1      TMOD=0x20;
  35   1      TH1=-3;
  36   1      TR1=1;
  37   1      SCON=0x50;
  38   1      SBUF='A';
  39   1      while(TI==0);
  40   1      TI=0;
  41   1      while(RI==0);
  42   1      RI=0;
  43   1      return SBUF;
  44   1      }


MODULE INFORMATION:   STATIC OVERLAYABLE
   CODE SIZE        =    141    ----
   CONSTANT SIZE    =     10    ----
   XDATA SIZE       =   ----    ----
   PDATA SIZE       =   ----    ----
   DATA SIZE        =   ----      10
   IDATA SIZE       =   ----    ----
   BIT SIZE         =   ----    ----
END OF MODULE INFORMATION.

C51 COMPILER V9.03   SERIAL                                                                12/05/2016 10:12:43 PAGE 2   


C51 COMPILATION COMPLETE.  0 WARNING(S),  0 ERROR(S)
