<html>
<body>
<pre>
<h1>µVision Build Log</h1>
<h2>Project:</h2>
C:\Users\HOME\Desktop\pankaj\ARM\RTC\pwm.uvproj
Project File Date:  02/28/2017

<h2>Output:</h2>
Build target 'Target 1'
assembling Startup.s...
compiling pwm.c...
..\PWM\pwm.c(7): warning:  #951-D: return type of function "main" must be "int"
..\PWM\pwm.c(17): warning:  #1-D: last line of file ends without a newline
linking...
Program Size: Code=572 RO-data=16 RW-data=0 ZI-data=1256  
FromELF: creating hex file...
"pwm.axf" - 0 Error(s), 2 Warning(s).
Build target 'Target 1'
assembling Startup.s...
compiling pwm.c...
..\PWM\pwm.c(7): warning:  #951-D: return type of function "main" must be "int"
..\PWM\pwm.c(18): warning:  #1-D: last line of file ends without a newline
linking...
Program Size: Code=580 RO-data=16 RW-data=0 ZI-data=1256  
FromELF: creating hex file...
"pwm.axf" - 0 Error(s), 2 Warning(s).
Build target 'Target 1'
assembling Startup.s...
compiling pwm.c...
..\PWM\pwm.c(7): warning:  #951-D: return type of function "main" must be "int"
..\PWM\pwm.c(20): warning:  #1-D: last line of file ends without a newline
linking...
Program Size: Code=596 RO-data=16 RW-data=0 ZI-data=1256  
FromELF: creating hex file...
"pwm.axf" - 0 Error(s), 2 Warning(s).
Build target 'Target 1'
assembling Startup.s...
compiling pwm.c...
..\PWM\pwm.c(7): warning:  #951-D: return type of function "main" must be "int"
..\PWM\pwm.c(20): warning:  #1-D: last line of file ends without a newline
linking...
Program Size: Code=600 RO-data=16 RW-data=0 ZI-data=1256  
FromELF: creating hex file...
"pwm.axf" - 0 Error(s), 2 Warning(s).
Build target 'Target 1'
assembling Startup.s...
compiling pwm.c...
..\PWM\pwm.c(7): warning:  #951-D: return type of function "main" must be "int"
..\PWM\pwm.c(20): warning:  #1-D: last line of file ends without a newline
linking...
Program Size: Code=600 RO-data=16 RW-data=0 ZI-data=1256  
FromELF: creating hex file...
"pwm.axf" - 0 Error(s), 2 Warning(s).
Build target 'Target 1'
assembling Startup.s...
compiling pwm.c...
..\PWM\pwm.c(7): warning:  #951-D: return type of function "main" must be "int"
..\PWM\pwm.c(20): warning:  #1-D: last line of file ends without a newline
linking...
Program Size: Code=608 RO-data=16 RW-data=0 ZI-data=1256  
FromELF: creating hex file...
"pwm.axf" - 0 Error(s), 2 Warning(s).
Build target 'Target 1'
assembling Startup.s...
compiling pwm.c...
..\PWM\pwm.c(7): warning:  #951-D: return type of function "main" must be "int"
..\PWM\pwm.c(20): warning:  #1-D: last line of file ends without a newline
linking...
Program Size: Code=608 RO-data=16 RW-data=0 ZI-data=1256  
FromELF: creating hex file...
"pwm.axf" - 0 Error(s), 2 Warning(s).
Build target 'Target 1'
assembling Startup.s...
compiling pwm.c...
..\PWM\pwm.c(7): warning:  #951-D: return type of function "main" must be "int"
..\PWM\pwm.c(21): warning:  #1-D: last line of file ends without a newline
linking...
Program Size: Code=616 RO-data=16 RW-data=0 ZI-data=1256  
FromELF: creating hex file...
"pwm.axf" - 0 Error(s), 2 Warning(s).
Build target 'Target 1'
assembling Startup.s...
compiling pwm.c...
..\PWM\pwm.c(7): warning:  #951-D: return type of function "main" must be "int"
..\PWM\pwm.c(23): warning:  #1-D: last line of file ends without a newline
linking...
Program Size: Code=636 RO-data=16 RW-data=0 ZI-data=1256  
FromELF: creating hex file...
"pwm.axf" - 0 Error(s), 2 Warning(s).
Build target 'Target 1'
assembling Startup.s...
compiling pwm.c...
..\PWM\pwm.c(7): warning:  #951-D: return type of function "main" must be "int"
..\PWM\pwm.c(24): warning:  #1-D: last line of file ends without a newline
linking...
Program Size: Code=648 RO-data=16 RW-data=0 ZI-data=1256  
FromELF: creating hex file...
"pwm.axf" - 0 Error(s), 2 Warning(s).
Build target 'Target 1'
assembling Startup.s...
compiling pwm.c...
..\PWM\pwm.c(7): warning:  #951-D: return type of function "main" must be "int"
..\PWM\pwm.c(25): warning:  #1-D: last line of file ends without a newline
linking...
Program Size: Code=620 RO-data=16 RW-data=0 ZI-data=1256  
FromELF: creating hex file...
"pwm.axf" - 0 Error(s), 2 Warning(s).
Build target 'Target 1'
assembling Startup.s...
compiling pwm.c...
..\PWM\pwm.c(7): warning:  #951-D: return type of function "main" must be "int"
linking...
Program Size: Code=620 RO-data=16 RW-data=0 ZI-data=1256  
FromELF: creating hex file...
"pwm.axf" - 0 Error(s), 1 Warning(s).
Build target 'Target 1'
assembling Startup.s...
compiling pwm.c...
..\PWM\pwm.c(7): warning:  #951-D: return type of function "main" must be "int"
linking...
Program Size: Code=632 RO-data=16 RW-data=0 ZI-data=1256  
FromELF: creating hex file...
"pwm.axf" - 0 Error(s), 1 Warning(s).
Build target 'Target 1'
compiling pwm.c...
linking...
Program Size: Code=632 RO-data=16 RW-data=0 ZI-data=1256  
FromELF: creating hex file...
"pwm.axf" - 0 Error(s), 0 Warning(s).
Build target 'Target 1'
assembling Startup.s...
compiling pwm.c...
linking...
Program Size: Code=632 RO-data=16 RW-data=0 ZI-data=1256  
FromELF: creating hex file...
"pwm.axf" - 0 Error(s), 0 Warning(s).
Build target 'Target 1'
assembling Startup.s...
compiling pwm.c...
linking...
Program Size: Code=596 RO-data=16 RW-data=0 ZI-data=1256  
FromELF: creating hex file...
"pwm.axf" - 0 Error(s), 0 Warning(s).
Build target 'Target 1'
assembling Startup.s...
compiling pwm.c...
linking...
Program Size: Code=608 RO-data=16 RW-data=0 ZI-data=1256  
FromELF: creating hex file...
"pwm.axf" - 0 Error(s), 0 Warning(s).
Build target 'Target 1'
assembling Startup.s...
compiling pwm.c...
linking...
Program Size: Code=616 RO-data=16 RW-data=0 ZI-data=1256  
FromELF: creating hex file...
"pwm.axf" - 0 Error(s), 0 Warning(s).
Build target 'Target 1'
assembling Startup.s...
compiling pwm.c...
linking...
Program Size: Code=624 RO-data=16 RW-data=0 ZI-data=1256  
FromELF: creating hex file...
"pwm.axf" - 0 Error(s), 0 Warning(s).
Build target 'Target 1'
assembling Startup.s...
compiling pwm.c...
linking...
Program Size: Code=624 RO-data=16 RW-data=0 ZI-data=1256  
FromELF: creating hex file...
"pwm.axf" - 0 Error(s), 0 Warning(s).
Build target 'Target 1'
assembling Startup.s...
compiling pwm.c...
linking...
Program Size: Code=680 RO-data=16 RW-data=0 ZI-data=1256  
FromELF: creating hex file...
"pwm.axf" - 0 Error(s), 0 Warning(s).
Build target 'Target 1'
assembling Startup.s...
compiling pwm.c...
linking...
Program Size: Code=696 RO-data=16 RW-data=0 ZI-data=1256  
FromELF: creating hex file...
"pwm.axf" - 0 Error(s), 0 Warning(s).
Build target 'Target 1'
assembling Startup.s...
compiling pwm.c...
linking...
Program Size: Code=672 RO-data=16 RW-data=0 ZI-data=1256  
FromELF: creating hex file...
"pwm.axf" - 0 Error(s), 0 Warning(s).
Build target 'Target 1'
assembling Startup.s...
compiling pwm.c...
linking...
Program Size: Code=596 RO-data=16 RW-data=0 ZI-data=1256  
FromELF: creating hex file...
"pwm.axf" - 0 Error(s), 0 Warning(s).
Build target 'Target 1'
assembling Startup.s...
compiling pwm.c...
linking...
Program Size: Code=608 RO-data=16 RW-data=0 ZI-data=1256  
FromELF: creating hex file...
"pwm.axf" - 0 Error(s), 0 Warning(s).
Build target 'Target 1'
assembling Startup.s...
compiling pwm.c...
linking...
Program Size: Code=672 RO-data=16 RW-data=0 ZI-data=1256  
FromELF: creating hex file...
"pwm.axf" - 0 Error(s), 0 Warning(s).
Build target 'Target 1'
assembling Startup.s...
compiling pwm.c...
linking...
Program Size: Code=636 RO-data=16 RW-data=0 ZI-data=1256  
FromELF: creating hex file...
"pwm.axf" - 0 Error(s), 0 Warning(s).
Build target 'Target 1'
assembling Startup.s...
compiling pwm.c...
linking...
Program Size: Code=644 RO-data=16 RW-data=0 ZI-data=1256  
FromELF: creating hex file...
"pwm.axf" - 0 Error(s), 0 Warning(s).
Build target 'Target 1'
assembling Startup.s...
compiling pwm.c...
linking...
Program Size: Code=552 RO-data=16 RW-data=0 ZI-data=1256  
FromELF: creating hex file...
"pwm.axf" - 0 Error(s), 0 Warning(s).
Build target 'Target 1'
assembling Startup.s...
compiling pwm.c...
linking...
Program Size: Code=548 RO-data=16 RW-data=0 ZI-data=1256  
FromELF: creating hex file...
"pwm.axf" - 0 Error(s), 0 Warning(s).
Build target 'Target 1'
assembling Startup.s...
compiling pwm.c...
linking...
Program Size: Code=624 RO-data=16 RW-data=0 ZI-data=1256  
FromELF: creating hex file...
"pwm.axf" - 0 Error(s), 0 Warning(s).
Build target 'Target 1'
assembling Startup.s...
compiling pwm.c...
linking...
Program Size: Code=688 RO-data=16 RW-data=0 ZI-data=1256  
FromELF: creating hex file...
"pwm.axf" - 0 Error(s), 0 Warning(s).
Build target 'Target 1'
compiling pwm.c...
linking...
Program Size: Code=696 RO-data=16 RW-data=0 ZI-data=1256  
FromELF: creating hex file...
"pwm.axf" - 0 Error(s), 0 Warning(s).
Build target 'Target 1'
compiling pwm.c...
linking...
Program Size: Code=628 RO-data=16 RW-data=0 ZI-data=1256  
FromELF: creating hex file...
"pwm.axf" - 0 Error(s), 0 Warning(s).
Build target 'Target 1'
assembling Startup.s...
compiling pwm.c...
linking...
Program Size: Code=708 RO-data=16 RW-data=0 ZI-data=1256  
FromELF: creating hex file...
"pwm.axf" - 0 Error(s), 0 Warning(s).
Build target 'Target 1'
assembling Startup.s...
compiling pwm.c...
linking...
Program Size: Code=700 RO-data=16 RW-data=0 ZI-data=1256  
FromELF: creating hex file...
"pwm.axf" - 0 Error(s), 0 Warning(s).
Build target 'Target 1'
compiling pwm.c...
linking...
Program Size: Code=700 RO-data=16 RW-data=0 ZI-data=1256  
FromELF: creating hex file...
"pwm.axf" - 0 Error(s), 0 Warning(s).
Build target 'Target 1'
assembling Startup.s...
compiling pwm.c...
linking...
Program Size: Code=624 RO-data=16 RW-data=0 ZI-data=1256  
FromELF: creating hex file...
"pwm.axf" - 0 Error(s), 0 Warning(s).
Build target 'Target 1'
assembling Startup.s...
compiling pwm.c...
linking...
Program Size: Code=628 RO-data=16 RW-data=0 ZI-data=1256  
FromELF: creating hex file...
"pwm.axf" - 0 Error(s), 0 Warning(s).
Build target 'Target 1'
assembling Startup.s...
compiling pwm.c...
linking...
Program Size: Code=588 RO-data=16 RW-data=0 ZI-data=1256  
FromELF: creating hex file...
"pwm.axf" - 0 Error(s), 0 Warning(s).
Build target 'Target 1'
assembling Startup.s...
compiling pwm.c...
linking...
Program Size: Code=588 RO-data=16 RW-data=0 ZI-data=1256  
FromELF: creating hex file...
"pwm.axf" - 0 Error(s), 0 Warning(s).
Build target 'Target 1'
assembling Startup.s...
compiling pwm.c...
linking...
Program Size: Code=588 RO-data=16 RW-data=0 ZI-data=1256  
FromELF: creating hex file...
"pwm.axf" - 0 Error(s), 0 Warning(s).
Build target 'Target 1'
assembling Startup.s...
compiling pwm.c...
linking...
Program Size: Code=588 RO-data=16 RW-data=0 ZI-data=1256  
FromELF: creating hex file...
"pwm.axf" - 0 Error(s), 0 Warning(s).
Build target 'Target 1'
assembling Startup.s...
compiling pwm.c...
linking...
Program Size: Code=588 RO-data=16 RW-data=0 ZI-data=1256  
FromELF: creating hex file...
"pwm.axf" - 0 Error(s), 0 Warning(s).
Build target 'Target 1'
assembling Startup.s...
compiling pwm.c...
linking...
Program Size: Code=620 RO-data=16 RW-data=0 ZI-data=1256  
FromELF: creating hex file...
"pwm.axf" - 0 Error(s), 0 Warning(s).
Build target 'Target 1'
assembling Startup.s...
compiling pwm.c...
linking...
Program Size: Code=588 RO-data=16 RW-data=0 ZI-data=1256  
FromELF: creating hex file...
"pwm.axf" - 0 Error(s), 0 Warning(s).
Build target 'Target 1'
assembling Startup.s...
compiling pwm.c...
linking...
Program Size: Code=588 RO-data=16 RW-data=0 ZI-data=1256  
FromELF: creating hex file...
"pwm.axf" - 0 Error(s), 0 Warning(s).
Build target 'Target 1'
assembling Startup.s...
compiling pwm.c...
linking...
Program Size: Code=584 RO-data=16 RW-data=0 ZI-data=1256  
FromELF: creating hex file...
"pwm.axf" - 0 Error(s), 0 Warning(s).
Build target 'Target 1'
assembling Startup.s...
compiling pwm.c...
linking...
Program Size: Code=628 RO-data=16 RW-data=0 ZI-data=1256  
FromELF: creating hex file...
"pwm.axf" - 0 Error(s), 0 Warning(s).
Build target 'Target 1'
assembling Startup.s...
compiling pwm.c...
linking...
Program Size: Code=632 RO-data=16 RW-data=0 ZI-data=1256  
FromELF: creating hex file...
"pwm.axf" - 0 Error(s), 0 Warning(s).
Build target 'Target 1'
assembling Startup.s...
compiling pwm.c...
..\PWM\pwm.c(23): warning:  #174-D: expression has no effect
..\PWM\pwm.c(10): warning:  #177-D: variable "j" was declared but never referenced
linking...
Program Size: Code=660 RO-data=16 RW-data=0 ZI-data=1256  
FromELF: creating hex file...
"pwm.axf" - 0 Error(s), 2 Warning(s).
Build target 'Target 1'
assembling Startup.s...
compiling pwm.c...
..\PWM\pwm.c(23): warning:  #174-D: expression has no effect
..\PWM\pwm.c(10): warning:  #177-D: variable "j" was declared but never referenced
linking...
Program Size: Code=672 RO-data=16 RW-data=0 ZI-data=1256  
FromELF: creating hex file...
"pwm.axf" - 0 Error(s), 2 Warning(s).
Build target 'Target 1'
assembling Startup.s...
compiling pwm.c...
..\PWM\pwm.c(23): warning:  #174-D: expression has no effect
..\PWM\pwm.c(10): warning:  #177-D: variable "j" was declared but never referenced
linking...
Program Size: Code=684 RO-data=16 RW-data=0 ZI-data=1256  
FromELF: creating hex file...
"pwm.axf" - 0 Error(s), 2 Warning(s).
Build target 'Target 1'
assembling Startup.s...
compiling pwm.c...
..\PWM\pwm.c(23): warning:  #174-D: expression has no effect
..\PWM\pwm.c(10): warning:  #177-D: variable "j" was declared but never referenced
linking...
Program Size: Code=684 RO-data=16 RW-data=0 ZI-data=1256  
FromELF: creating hex file...
"pwm.axf" - 0 Error(s), 2 Warning(s).
Build target 'Target 1'
assembling Startup.s...
compiling pwm.c...
..\PWM\pwm.c(10): warning:  #177-D: variable "j" was declared but never referenced
linking...
Program Size: Code=688 RO-data=16 RW-data=0 ZI-data=1256  
FromELF: creating hex file...
"pwm.axf" - 0 Error(s), 1 Warning(s).
Build target 'Target 1'
assembling Startup.s...
compiling pwm.c...
linking...
Program Size: Code=708 RO-data=16 RW-data=0 ZI-data=1256  
FromELF: creating hex file...
"pwm.axf" - 0 Error(s), 0 Warning(s).
Build target 'Target 1'
assembling Startup.s...
compiling pwm.c...
linking...
Program Size: Code=708 RO-data=16 RW-data=0 ZI-data=1256  
FromELF: creating hex file...
"pwm.axf" - 0 Error(s), 0 Warning(s).
Build target 'Target 1'
assembling Startup.s...
compiling pwm.c...
linking...
Program Size: Code=688 RO-data=16 RW-data=0 ZI-data=1256  
FromELF: creating hex file...
"pwm.axf" - 0 Error(s), 0 Warning(s).
Build target 'Target 1'
assembling Startup.s...
compiling pwm.c...
linking...
Program Size: Code=708 RO-data=16 RW-data=0 ZI-data=1256  
FromELF: creating hex file...
"pwm.axf" - 0 Error(s), 0 Warning(s).
Build target 'Target 1'
assembling Startup.s...
compiling pwm.c...
linking...
Program Size: Code=704 RO-data=16 RW-data=0 ZI-data=1256  
FromELF: creating hex file...
"pwm.axf" - 0 Error(s), 0 Warning(s).
Build target 'Target 1'
assembling Startup.s...
compiling pwm.c...
linking...
Program Size: Code=708 RO-data=16 RW-data=0 ZI-data=1256  
FromELF: creating hex file...
"pwm.axf" - 0 Error(s), 0 Warning(s).
Build target 'Target 1'
assembling Startup.s...
compiling pwm.c...
linking...
Program Size: Code=688 RO-data=16 RW-data=0 ZI-data=1256  
FromELF: creating hex file...
"pwm.axf" - 0 Error(s), 0 Warning(s).
Build target 'Target 1'
assembling Startup.s...
compiling pwm.c...
..\PWM\pwm.c(30): warning:  #1293-D: assignment in condition
linking...
Program Size: Code=688 RO-data=16 RW-data=0 ZI-data=1256  
FromELF: creating hex file...
"pwm.axf" - 0 Error(s), 1 Warning(s).
Build target 'Target 1'
assembling Startup.s...
compiling pwm.c...
..\PWM\pwm.c(30): warning:  #1293-D: assignment in condition
linking...
Program Size: Code=708 RO-data=16 RW-data=0 ZI-data=1256  
FromELF: creating hex file...
"pwm.axf" - 0 Error(s), 1 Warning(s).
Build target 'Target 1'
assembling Startup.s...
compiling pwm.c...
linking...
Program Size: Code=708 RO-data=16 RW-data=0 ZI-data=1256  
FromELF: creating hex file...
"pwm.axf" - 0 Error(s), 0 Warning(s).
Build target 'Target 1'
compiling pwm.c...
..\PWM\pwm.c(25): warning:  #174-D: expression has no effect
linking...
Program Size: Code=704 RO-data=16 RW-data=0 ZI-data=1256  
FromELF: creating hex file...
"pwm.axf" - 0 Error(s), 1 Warning(s).
Build target 'Target 1'
assembling Startup.s...
compiling pwm.c...
linking...
Program Size: Code=708 RO-data=16 RW-data=0 ZI-data=1256  
FromELF: creating hex file...
"pwm.axf" - 0 Error(s), 0 Warning(s).
Build target 'Target 1'
assembling Startup.s...
compiling pwm.c...
linking...
Program Size: Code=708 RO-data=16 RW-data=0 ZI-data=1256  
FromELF: creating hex file...
"pwm.axf" - 0 Error(s), 0 Warning(s).
Build target 'Target 1'
assembling Startup.s...
compiling pwm.c...
linking...
Program Size: Code=708 RO-data=16 RW-data=0 ZI-data=1256  
FromELF: creating hex file...
"pwm.axf" - 0 Error(s), 0 Warning(s).
Build target 'Target 1'
assembling Startup.s...
compiling pwm.c...
linking...
Program Size: Code=708 RO-data=16 RW-data=0 ZI-data=1256  
FromELF: creating hex file...
"pwm.axf" - 0 Error(s), 0 Warning(s).
